Copyright 1986-2022 Xilinx, Inc. All Rights Reserved. Copyright 2022-2023 Advanced Micro Devices, Inc. All Rights Reserved.
---------------------------------------------------------------------------------------------------------------------------------------------
| Tool Version : Vivado v.2023.2 (win64) Build 4029153 Fri Oct 13 20:14:34 MDT 2023
| Date         : Mon Mar  3 20:13:20 2025
| Host         : Mete running 64-bit major release  (build 9200)
| Command      : report_timing -sort_by group -max_paths 100 -path_type summary -file output/post_route_timing.rpt
| Design       : CAMMMP_TECH
| Device       : 7a35t-cpg236
| Speed File   : -1  PRODUCTION 1.23 2018-06-13
| Design State : Routed
---------------------------------------------------------------------------------------------------------------------------------------------

Timing Report

Startpoint                     Endpoint                       Slack(ns)     
----------------------------------------------------------------------------
CAC/UART_COMMAND_HANDLER_INSTANTATION/settings_addr_reg[1]/C
                               CAC/UART_COMMAND_HANDLER_INSTANTATION/uart_data_in_reg[1]/D
                                                              94.258        
CAC/UART_INSTANTATION/CIRCULAR_BUFFER_UART_RX_INSTANTATION/num_elem_reg[2]/C
                               CAC/UART_INSTANTATION/CIRCULAR_BUFFER_UART_RX_INSTANTATION/buffer_reg[12][4]/CE
                                                              94.358        
CAC/UART_INSTANTATION/CIRCULAR_BUFFER_UART_RX_INSTANTATION/num_elem_reg[2]/C
                               CAC/UART_INSTANTATION/CIRCULAR_BUFFER_UART_RX_INSTANTATION/buffer_reg[12][7]/CE
                                                              94.358        
CAC/UART_INSTANTATION/CIRCULAR_BUFFER_UART_RX_INSTANTATION/num_elem_reg[2]/C
                               CAC/UART_INSTANTATION/CIRCULAR_BUFFER_UART_RX_INSTANTATION/buffer_reg[12][0]/CE
                                                              94.427        
CAC/UART_INSTANTATION/CIRCULAR_BUFFER_UART_RX_INSTANTATION/num_elem_reg[2]/C
                               CAC/UART_INSTANTATION/CIRCULAR_BUFFER_UART_RX_INSTANTATION/buffer_reg[12][1]/CE
                                                              94.427        
CAC/UART_INSTANTATION/CIRCULAR_BUFFER_UART_RX_INSTANTATION/num_elem_reg[2]/C
                               CAC/UART_INSTANTATION/CIRCULAR_BUFFER_UART_RX_INSTANTATION/buffer_reg[12][6]/CE
                                                              94.427        
CAC/UART_INSTANTATION/CIRCULAR_BUFFER_UART_RX_INSTANTATION/num_elem_reg[2]/C
                               CAC/UART_INSTANTATION/CIRCULAR_BUFFER_UART_RX_INSTANTATION/buffer_reg[10][0]/CE
                                                              94.469        
CAC/UART_COMMAND_HANDLER_INSTANTATION/settings_addr_reg[4]/C
                               CAC/SYSTEM_SETTINGS/REGMEM_INSTANTATION/ram_memory_reg[11][10]/CE
                                                              94.485        
CAC/UART_COMMAND_HANDLER_INSTANTATION/settings_addr_reg[4]/C
                               CAC/SYSTEM_SETTINGS/REGMEM_INSTANTATION/ram_memory_reg[11][8]/CE
                                                              94.485        
CAC/UART_INSTANTATION/CIRCULAR_BUFFER_UART_RX_INSTANTATION/num_elem_reg[2]/C
                               CAC/UART_INSTANTATION/CIRCULAR_BUFFER_UART_RX_INSTANTATION/buffer_reg[12][3]/CE
                                                              94.519        
CAC/UART_INSTANTATION/CIRCULAR_BUFFER_UART_RX_INSTANTATION/num_elem_reg[2]/C
                               CAC/UART_INSTANTATION/CIRCULAR_BUFFER_UART_RX_INSTANTATION/buffer_reg[12][5]/CE
                                                              94.528        
CAC/UART_INSTANTATION/CIRCULAR_BUFFER_UART_RX_INSTANTATION/num_elem_reg[2]/C
                               CAC/UART_INSTANTATION/CIRCULAR_BUFFER_UART_RX_INSTANTATION/buffer_reg[11][3]/CE
                                                              94.573        
CAC/UART_INSTANTATION/CIRCULAR_BUFFER_UART_RX_INSTANTATION/num_elem_reg[2]/C
                               CAC/UART_INSTANTATION/CIRCULAR_BUFFER_UART_RX_INSTANTATION/buffer_reg[11][4]/CE
                                                              94.573        
CAC/UART_INSTANTATION/CIRCULAR_BUFFER_UART_RX_INSTANTATION/num_elem_reg[2]/C
                               CAC/UART_INSTANTATION/CIRCULAR_BUFFER_UART_RX_INSTANTATION/buffer_reg[11][7]/CE
                                                              94.573        
CAC/UART_INSTANTATION/CIRCULAR_BUFFER_UART_RX_INSTANTATION/num_elem_reg[2]/C
                               CAC/UART_INSTANTATION/CIRCULAR_BUFFER_UART_RX_INSTANTATION/buffer_reg[3][3]/CE
                                                              94.602        
CAC/UART_INSTANTATION/CIRCULAR_BUFFER_UART_RX_INSTANTATION/num_elem_reg[2]/C
                               CAC/UART_INSTANTATION/CIRCULAR_BUFFER_UART_RX_INSTANTATION/buffer_reg[3][4]/CE
                                                              94.602        
CAC/UART_INSTANTATION/CIRCULAR_BUFFER_UART_RX_INSTANTATION/num_elem_reg[2]/C
                               CAC/UART_INSTANTATION/CIRCULAR_BUFFER_UART_RX_INSTANTATION/buffer_reg[3][7]/CE
                                                              94.602        
CAC/UART_INSTANTATION/CIRCULAR_BUFFER_UART_RX_INSTANTATION/num_elem_reg[2]/C
                               CAC/UART_INSTANTATION/CIRCULAR_BUFFER_UART_RX_INSTANTATION/buffer_reg[2][0]/CE
                                                              94.608        
CAC/UART_INSTANTATION/CIRCULAR_BUFFER_UART_RX_INSTANTATION/num_elem_reg[2]/C
                               CAC/UART_INSTANTATION/CIRCULAR_BUFFER_UART_RX_INSTANTATION/buffer_reg[2][6]/CE
                                                              94.608        
CAC/UART_INSTANTATION/CIRCULAR_BUFFER_UART_RX_INSTANTATION/num_elem_reg[2]/C
                               CAC/UART_INSTANTATION/CIRCULAR_BUFFER_UART_RX_INSTANTATION/buffer_reg[13][3]/CE
                                                              94.609        
CAC/UART_INSTANTATION/CIRCULAR_BUFFER_UART_RX_INSTANTATION/num_elem_reg[2]/C
                               CAC/UART_INSTANTATION/CIRCULAR_BUFFER_UART_RX_INSTANTATION/buffer_reg[13][4]/CE
                                                              94.609        
CAC/UART_INSTANTATION/CIRCULAR_BUFFER_UART_RX_INSTANTATION/num_elem_reg[2]/C
                               CAC/UART_INSTANTATION/CIRCULAR_BUFFER_UART_RX_INSTANTATION/buffer_reg[13][7]/CE
                                                              94.609        
CAC/UART_INSTANTATION/CIRCULAR_BUFFER_UART_RX_INSTANTATION/num_elem_reg[2]/C
                               CAC/UART_INSTANTATION/CIRCULAR_BUFFER_UART_RX_INSTANTATION/buffer_reg[10][4]/CE
                                                              94.611        
CAC/UART_INSTANTATION/CIRCULAR_BUFFER_UART_RX_INSTANTATION/num_elem_reg[2]/C
                               CAC/UART_INSTANTATION/CIRCULAR_BUFFER_UART_RX_INSTANTATION/buffer_reg[10][7]/CE
                                                              94.611        
CAC/UART_INSTANTATION/CIRCULAR_BUFFER_UART_RX_INSTANTATION/num_elem_reg[2]/C
                               CAC/UART_INSTANTATION/CIRCULAR_BUFFER_UART_RX_INSTANTATION/buffer_reg[3][0]/CE
                                                              94.633        
CAC/UART_INSTANTATION/CIRCULAR_BUFFER_UART_RX_INSTANTATION/num_elem_reg[2]/C
                               CAC/UART_INSTANTATION/CIRCULAR_BUFFER_UART_RX_INSTANTATION/buffer_reg[3][1]/CE
                                                              94.633        
CAC/UART_INSTANTATION/CIRCULAR_BUFFER_UART_RX_INSTANTATION/num_elem_reg[2]/C
                               CAC/UART_INSTANTATION/CIRCULAR_BUFFER_UART_RX_INSTANTATION/buffer_reg[3][6]/CE
                                                              94.633        
CAC/UART_COMMAND_HANDLER_INSTANTATION/settings_addr_reg[1]/C
                               CAC/UART_COMMAND_HANDLER_INSTANTATION/uart_data_in_reg[0]/D
                                                              94.640        
CLOCK_MANAGEMENT_INSTANTATION/RESET_SYNCHRONIZER_INSTANTATION_1/rstb_out_reg/C
                               CAC/UART_INSTANTATION/CIRCULAR_BUFFER_UART_TX_INSTANTATION/buffer_reg[3][3]/CLR
                                                              94.642        
CLOCK_MANAGEMENT_INSTANTATION/RESET_SYNCHRONIZER_INSTANTATION_1/rstb_out_reg/C
                               CAC/UART_INSTANTATION/CIRCULAR_BUFFER_UART_TX_INSTANTATION/buffer_reg[3][4]/CLR
                                                              94.642        
CAC/UART_COMMAND_HANDLER_INSTANTATION/settings_addr_reg[0]/C
                               CAC/UART_COMMAND_HANDLER_INSTANTATION/uart_data_in_reg[4]/D
                                                              94.656        
CAC/UART_COMMAND_HANDLER_INSTANTATION/settings_addr_reg[4]/C
                               CAC/SYSTEM_SETTINGS/REGMEM_INSTANTATION/ram_memory_reg[3][10]/CE
                                                              94.678        
CAC/UART_COMMAND_HANDLER_INSTANTATION/settings_addr_reg[4]/C
                               CAC/SYSTEM_SETTINGS/REGMEM_INSTANTATION/ram_memory_reg[3][11]/CE
                                                              94.678        
CAC/UART_COMMAND_HANDLER_INSTANTATION/settings_addr_reg[4]/C
                               CAC/SYSTEM_SETTINGS/REGMEM_INSTANTATION/ram_memory_reg[3][2]/CE
                                                              94.678        
CAC/UART_COMMAND_HANDLER_INSTANTATION/settings_addr_reg[4]/C
                               CAC/SYSTEM_SETTINGS/REGMEM_INSTANTATION/ram_memory_reg[3][3]/CE
                                                              94.678        
CAC/UART_COMMAND_HANDLER_INSTANTATION/settings_addr_reg[4]/C
                               CAC/SYSTEM_SETTINGS/REGMEM_INSTANTATION/ram_memory_reg[3][5]/CE
                                                              94.678        
CLOCK_MANAGEMENT_INSTANTATION/RESET_SYNCHRONIZER_INSTANTATION_1/rstb_out_reg/C
                               CAC/UART_INSTANTATION/CIRCULAR_BUFFER_UART_TX_INSTANTATION/buffer_reg[8][1]/CLR
                                                              94.680        
CLOCK_MANAGEMENT_INSTANTATION/RESET_SYNCHRONIZER_INSTANTATION_1/rstb_out_reg/C
                               CAC/UART_INSTANTATION/CIRCULAR_BUFFER_UART_TX_INSTANTATION/buffer_reg[8][3]/CLR
                                                              94.680        
CLOCK_MANAGEMENT_INSTANTATION/RESET_SYNCHRONIZER_INSTANTATION_1/rstb_out_reg/C
                               CAC/UART_INSTANTATION/CIRCULAR_BUFFER_UART_TX_INSTANTATION/buffer_reg[8][4]/CLR
                                                              94.680        
CLOCK_MANAGEMENT_INSTANTATION/RESET_SYNCHRONIZER_INSTANTATION_1/rstb_out_reg/C
                               CAC/UART_INSTANTATION/CIRCULAR_BUFFER_UART_TX_INSTANTATION/buffer_reg[8][5]/CLR
                                                              94.680        
CLOCK_MANAGEMENT_INSTANTATION/RESET_SYNCHRONIZER_INSTANTATION_1/rstb_out_reg/C
                               CAC/UART_INSTANTATION/CIRCULAR_BUFFER_UART_TX_INSTANTATION/buffer_reg[9][1]/CLR
                                                              94.684        
CLOCK_MANAGEMENT_INSTANTATION/RESET_SYNCHRONIZER_INSTANTATION_1/rstb_out_reg/C
                               CAC/UART_INSTANTATION/CIRCULAR_BUFFER_UART_TX_INSTANTATION/buffer_reg[9][3]/CLR
                                                              94.684        
CLOCK_MANAGEMENT_INSTANTATION/RESET_SYNCHRONIZER_INSTANTATION_1/rstb_out_reg/C
                               CAC/UART_INSTANTATION/CIRCULAR_BUFFER_UART_TX_INSTANTATION/buffer_reg[9][4]/CLR
                                                              94.684        
CLOCK_MANAGEMENT_INSTANTATION/RESET_SYNCHRONIZER_INSTANTATION_1/rstb_out_reg/C
                               CAC/UART_INSTANTATION/CIRCULAR_BUFFER_UART_TX_INSTANTATION/buffer_reg[9][5]/CLR
                                                              94.684        
CLOCK_MANAGEMENT_INSTANTATION/RESET_SYNCHRONIZER_INSTANTATION_1/rstb_out_reg/C
                               CAC/UART_INSTANTATION/CIRCULAR_BUFFER_UART_TX_INSTANTATION/buffer_reg[9][7]/CLR
                                                              94.684        
CAC/UART_INSTANTATION/CIRCULAR_BUFFER_UART_RX_INSTANTATION/num_elem_reg[2]/C
                               CAC/UART_INSTANTATION/CIRCULAR_BUFFER_UART_RX_INSTANTATION/buffer_reg[2][4]/CE
                                                              94.691        
CAC/UART_INSTANTATION/CIRCULAR_BUFFER_UART_RX_INSTANTATION/num_elem_reg[2]/C
                               CAC/UART_INSTANTATION/CIRCULAR_BUFFER_UART_RX_INSTANTATION/buffer_reg[2][7]/CE
                                                              94.691        
CAC/UART_COMMAND_HANDLER_INSTANTATION/settings_addr_reg[0]/C
                               CAC/UART_COMMAND_HANDLER_INSTANTATION/uart_data_in_reg[2]/D
                                                              94.693        
CAC/UART_INSTANTATION/CIRCULAR_BUFFER_UART_RX_INSTANTATION/num_elem_reg[2]/C
                               CAC/UART_INSTANTATION/CIRCULAR_BUFFER_UART_RX_INSTANTATION/buffer_reg[5][3]/CE
                                                              94.696        
CAC/UART_INSTANTATION/CIRCULAR_BUFFER_UART_RX_INSTANTATION/num_elem_reg[2]/C
                               CAC/UART_INSTANTATION/CIRCULAR_BUFFER_UART_RX_INSTANTATION/buffer_reg[5][4]/CE
                                                              94.696        
CAC/UART_INSTANTATION/CIRCULAR_BUFFER_UART_RX_INSTANTATION/num_elem_reg[2]/C
                               CAC/UART_INSTANTATION/CIRCULAR_BUFFER_UART_RX_INSTANTATION/buffer_reg[5][5]/CE
                                                              94.696        
CAC/UART_INSTANTATION/CIRCULAR_BUFFER_UART_RX_INSTANTATION/num_elem_reg[2]/C
                               CAC/UART_INSTANTATION/CIRCULAR_BUFFER_UART_RX_INSTANTATION/buffer_reg[5][7]/CE
                                                              94.696        
CLOCK_MANAGEMENT_INSTANTATION/RESET_SYNCHRONIZER_INSTANTATION_1/rstb_out_reg/C
                               CAC/UART_INSTANTATION/CIRCULAR_BUFFER_UART_TX_INSTANTATION/buffer_reg[10][0]/CLR
                                                              94.700        
CLOCK_MANAGEMENT_INSTANTATION/RESET_SYNCHRONIZER_INSTANTATION_1/rstb_out_reg/C
                               CAC/UART_INSTANTATION/CIRCULAR_BUFFER_UART_TX_INSTANTATION/buffer_reg[10][2]/CLR
                                                              94.700        
CLOCK_MANAGEMENT_INSTANTATION/RESET_SYNCHRONIZER_INSTANTATION_1/rstb_out_reg/C
                               CAC/UART_INSTANTATION/CIRCULAR_BUFFER_UART_TX_INSTANTATION/buffer_reg[10][6]/CLR
                                                              94.700        
CAC/UART_INSTANTATION/CIRCULAR_BUFFER_UART_RX_INSTANTATION/num_elem_reg[2]/C
                               CAC/UART_INSTANTATION/CIRCULAR_BUFFER_UART_RX_INSTANTATION/buffer_reg[12][2]/CE
                                                              94.701        
CAC/UART_COMMAND_HANDLER_INSTANTATION/settings_addr_reg[2]/C
                               CAC/SYSTEM_SETTINGS/REGMEM_INSTANTATION/ram_memory_reg[1][15]/CE
                                                              94.717        
CAC/UART_INSTANTATION/CIRCULAR_BUFFER_UART_RX_INSTANTATION/num_elem_reg[2]/C
                               CAC/UART_INSTANTATION/CIRCULAR_BUFFER_UART_RX_INSTANTATION/buffer_reg[13][0]/CE
                                                              94.726        
CAC/UART_INSTANTATION/CIRCULAR_BUFFER_UART_RX_INSTANTATION/num_elem_reg[2]/C
                               CAC/UART_INSTANTATION/CIRCULAR_BUFFER_UART_RX_INSTANTATION/buffer_reg[13][6]/CE
                                                              94.726        
CAC/UART_COMMAND_HANDLER_INSTANTATION/settings_addr_reg[1]/C
                               CAC/UART_COMMAND_HANDLER_INSTANTATION/uart_data_in_reg[3]/D
                                                              94.730        
CAC/UART_INSTANTATION/CIRCULAR_BUFFER_UART_RX_INSTANTATION/num_elem_reg[2]/C
                               CAC/UART_INSTANTATION/CIRCULAR_BUFFER_UART_RX_INSTANTATION/buffer_reg[2][3]/CE
                                                              94.744        
CAC/UART_INSTANTATION/CIRCULAR_BUFFER_UART_RX_INSTANTATION/num_elem_reg[2]/C
                               CAC/UART_INSTANTATION/CIRCULAR_BUFFER_UART_RX_INSTANTATION/buffer_reg[2][5]/CE
                                                              94.744        
CAC/UART_INSTANTATION/CIRCULAR_BUFFER_UART_RX_INSTANTATION/num_elem_reg[2]/C
                               CAC/UART_INSTANTATION/CIRCULAR_BUFFER_UART_RX_INSTANTATION/buffer_reg[8][3]/CE
                                                              94.763        
CAC/UART_INSTANTATION/CIRCULAR_BUFFER_UART_RX_INSTANTATION/num_elem_reg[2]/C
                               CAC/UART_INSTANTATION/CIRCULAR_BUFFER_UART_RX_INSTANTATION/buffer_reg[8][4]/CE
                                                              94.763        
CAC/UART_INSTANTATION/CIRCULAR_BUFFER_UART_RX_INSTANTATION/num_elem_reg[2]/C
                               CAC/UART_INSTANTATION/CIRCULAR_BUFFER_UART_RX_INSTANTATION/buffer_reg[8][7]/CE
                                                              94.763        
CAC/UART_INSTANTATION/CIRCULAR_BUFFER_UART_RX_INSTANTATION/num_elem_reg[2]/C
                               CAC/UART_INSTANTATION/CIRCULAR_BUFFER_UART_RX_INSTANTATION/buffer_reg[4][3]/CE
                                                              94.768        
CAC/UART_INSTANTATION/CIRCULAR_BUFFER_UART_RX_INSTANTATION/num_elem_reg[2]/C
                               CAC/UART_INSTANTATION/CIRCULAR_BUFFER_UART_RX_INSTANTATION/buffer_reg[4][4]/CE
                                                              94.768        
CAC/UART_INSTANTATION/CIRCULAR_BUFFER_UART_RX_INSTANTATION/num_elem_reg[2]/C
                               CAC/UART_INSTANTATION/CIRCULAR_BUFFER_UART_RX_INSTANTATION/buffer_reg[4][7]/CE
                                                              94.768        
CAC/UART_COMMAND_HANDLER_INSTANTATION/settings_addr_reg[0]/C
                               CAC/UART_COMMAND_HANDLER_INSTANTATION/uart_data_in_reg[5]/D
                                                              94.780        
CAC/UART_INSTANTATION/CIRCULAR_BUFFER_UART_RX_INSTANTATION/num_elem_reg[2]/C
                               CAC/UART_INSTANTATION/CIRCULAR_BUFFER_UART_RX_INSTANTATION/buffer_reg[3][5]/CE
                                                              94.780        
CLOCK_MANAGEMENT_INSTANTATION/RESET_SYNCHRONIZER_INSTANTATION_1/rstb_out_reg/C
                               CAC/UART_INSTANTATION/CIRCULAR_BUFFER_UART_TX_INSTANTATION/buffer_reg[13][0]/CLR
                                                              94.786        
CLOCK_MANAGEMENT_INSTANTATION/RESET_SYNCHRONIZER_INSTANTATION_1/rstb_out_reg/C
                               CAC/UART_INSTANTATION/CIRCULAR_BUFFER_UART_TX_INSTANTATION/buffer_reg[13][2]/CLR
                                                              94.786        
CLOCK_MANAGEMENT_INSTANTATION/RESET_SYNCHRONIZER_INSTANTATION_1/rstb_out_reg/C
                               CAC/UART_INSTANTATION/CIRCULAR_BUFFER_UART_TX_INSTANTATION/buffer_reg[13][6]/CLR
                                                              94.786        
CAC/UART_INSTANTATION/CIRCULAR_BUFFER_UART_RX_INSTANTATION/num_elem_reg[2]/C
                               CAC/UART_INSTANTATION/CIRCULAR_BUFFER_UART_RX_INSTANTATION/buffer_reg[13][5]/CE
                                                              94.811        
CAC/UART_INSTANTATION/CIRCULAR_BUFFER_UART_RX_INSTANTATION/num_elem_reg[2]/C
                               CAC/UART_INSTANTATION/CIRCULAR_BUFFER_UART_RX_INSTANTATION/buffer_reg[0][0]/CE
                                                              94.812        
CAC/UART_INSTANTATION/CIRCULAR_BUFFER_UART_RX_INSTANTATION/num_elem_reg[2]/C
                               CAC/UART_INSTANTATION/CIRCULAR_BUFFER_UART_RX_INSTANTATION/buffer_reg[0][6]/CE
                                                              94.812        
CAC/UART_COMMAND_HANDLER_INSTANTATION/settings_addr_reg[4]/C
                               CAC/SYSTEM_SETTINGS/REGMEM_INSTANTATION/ram_memory_reg[11][12]/CE
                                                              94.829        
CAC/UART_COMMAND_HANDLER_INSTANTATION/settings_addr_reg[4]/C
                               CAC/SYSTEM_SETTINGS/REGMEM_INSTANTATION/ram_memory_reg[11][2]/CE
                                                              94.829        
CAC/UART_COMMAND_HANDLER_INSTANTATION/settings_addr_reg[4]/C
                               CAC/SYSTEM_SETTINGS/REGMEM_INSTANTATION/ram_memory_reg[11][4]/CE
                                                              94.829        
CAC/UART_COMMAND_HANDLER_INSTANTATION/settings_addr_reg[4]/C
                               CAC/SYSTEM_SETTINGS/REGMEM_INSTANTATION/ram_memory_reg[11][5]/CE
                                                              94.829        
CAC/UART_COMMAND_HANDLER_INSTANTATION/settings_addr_reg[4]/C
                               CAC/SYSTEM_SETTINGS/REGMEM_INSTANTATION/ram_memory_reg[11][9]/CE
                                                              94.829        
CAC/UART_INSTANTATION/CIRCULAR_BUFFER_UART_RX_INSTANTATION/num_elem_reg[2]/C
                               CAC/UART_INSTANTATION/CIRCULAR_BUFFER_UART_RX_INSTANTATION/buffer_reg[9][3]/CE
                                                              94.839        
CAC/UART_INSTANTATION/CIRCULAR_BUFFER_UART_RX_INSTANTATION/num_elem_reg[2]/C
                               CAC/UART_INSTANTATION/CIRCULAR_BUFFER_UART_RX_INSTANTATION/buffer_reg[9][4]/CE
                                                              94.839        
CAC/UART_INSTANTATION/CIRCULAR_BUFFER_UART_RX_INSTANTATION/num_elem_reg[2]/C
                               CAC/UART_INSTANTATION/CIRCULAR_BUFFER_UART_RX_INSTANTATION/buffer_reg[9][7]/CE
                                                              94.839        
CLOCK_MANAGEMENT_INSTANTATION/RESET_SYNCHRONIZER_INSTANTATION_1/rstb_out_reg/C
                               CAC/UART_INSTANTATION/CIRCULAR_BUFFER_UART_TX_INSTANTATION/buffer_reg[1][0]/CLR
                                                              94.846        
CAC/UART_INSTANTATION/CIRCULAR_BUFFER_UART_RX_INSTANTATION/num_elem_reg[2]/C
                               CAC/UART_INSTANTATION/CIRCULAR_BUFFER_UART_RX_INSTANTATION/buffer_reg[6][3]/CE
                                                              94.852        
CAC/UART_INSTANTATION/CIRCULAR_BUFFER_UART_RX_INSTANTATION/num_elem_reg[2]/C
                               CAC/UART_INSTANTATION/CIRCULAR_BUFFER_UART_RX_INSTANTATION/buffer_reg[6][4]/CE
                                                              94.852        
CAC/UART_INSTANTATION/CIRCULAR_BUFFER_UART_RX_INSTANTATION/num_elem_reg[2]/C
                               CAC/UART_INSTANTATION/CIRCULAR_BUFFER_UART_RX_INSTANTATION/buffer_reg[6][7]/CE
                                                              94.852        
CAC/UART_INSTANTATION/CIRCULAR_BUFFER_UART_RX_INSTANTATION/num_elem_reg[2]/C
                               CAC/UART_INSTANTATION/CIRCULAR_BUFFER_UART_RX_INSTANTATION/buffer_reg[6][5]/CE
                                                              94.872        
CAC/UART_INSTANTATION/CIRCULAR_BUFFER_UART_RX_INSTANTATION/num_elem_reg[2]/C
                               CAC/UART_INSTANTATION/CIRCULAR_BUFFER_UART_RX_INSTANTATION/buffer_reg[3][2]/CE
                                                              94.887        
CAC/UART_INSTANTATION/CIRCULAR_BUFFER_UART_RX_INSTANTATION/num_elem_reg[2]/C
                               CAC/UART_INSTANTATION/CIRCULAR_BUFFER_UART_RX_INSTANTATION/buffer_reg[2][1]/CE
                                                              94.888        
CAC/UART_INSTANTATION/CIRCULAR_BUFFER_UART_RX_INSTANTATION/num_elem_reg[2]/C
                               CAC/UART_INSTANTATION/CIRCULAR_BUFFER_UART_RX_INSTANTATION/buffer_reg[2][2]/CE
                                                              94.888        
CAC/UART_INSTANTATION/CIRCULAR_BUFFER_UART_RX_INSTANTATION/num_elem_reg[2]/C
                               CAC/UART_INSTANTATION/CIRCULAR_BUFFER_UART_RX_INSTANTATION/buffer_reg[11][5]/CE
                                                              94.905        
CAC/UART_INSTANTATION/CIRCULAR_BUFFER_UART_RX_INSTANTATION/num_elem_reg[2]/C
                               CAC/UART_INSTANTATION/CIRCULAR_BUFFER_UART_RX_INSTANTATION/buffer_reg[11][0]/CE
                                                              94.907        
CAC/UART_INSTANTATION/CIRCULAR_BUFFER_UART_RX_INSTANTATION/num_elem_reg[2]/C
                               CAC/UART_INSTANTATION/CIRCULAR_BUFFER_UART_RX_INSTANTATION/buffer_reg[11][6]/CE
                                                              94.907        
CLOCK_MANAGEMENT_INSTANTATION/RESET_SYNCHRONIZER_INSTANTATION_1/rstb_out_reg/C
                               CAC/UART_INSTANTATION/CIRCULAR_BUFFER_UART_RX_INSTANTATION/buffer_reg[8][5]/CLR
                                                              94.928        
CLOCK_MANAGEMENT_INSTANTATION/RESET_SYNCHRONIZER_INSTANTATION_1/rstb_out_reg/C
                               CAC/UART_INSTANTATION/CIRCULAR_BUFFER_UART_TX_INSTANTATION/buffer_reg[14][0]/CLR
                                                              94.933        
CAC/UART_INSTANTATION/CIRCULAR_BUFFER_UART_RX_INSTANTATION/num_elem_reg[2]/C
                               CAC/UART_INSTANTATION/CIRCULAR_BUFFER_UART_RX_INSTANTATION/buffer_reg[0][3]/CE
                                                              94.953        
CAC/UART_INSTANTATION/CIRCULAR_BUFFER_UART_RX_INSTANTATION/num_elem_reg[2]/C
                               CAC/UART_INSTANTATION/CIRCULAR_BUFFER_UART_RX_INSTANTATION/buffer_reg[0][4]/CE
                                                              94.953        
CAC/UART_INSTANTATION/CIRCULAR_BUFFER_UART_RX_INSTANTATION/num_elem_reg[2]/C
                               CAC/UART_INSTANTATION/CIRCULAR_BUFFER_UART_RX_INSTANTATION/buffer_reg[0][7]/CE
                                                              94.953        
CAC/UART_COMMAND_HANDLER_INSTANTATION/settings_addr_reg[4]/C
                               CAC/UART_COMMAND_HANDLER_INSTANTATION/uart_data_in_reg[6]/D
                                                              94.958        
CLOCK_MANAGEMENT_INSTANTATION/RESET_SYNCHRONIZER_INSTANTATION_1/rstb_out_reg/C
                               CAC/UART_INSTANTATION/CIRCULAR_BUFFER_UART_TX_INSTANTATION/buffer_reg[0][0]/CLR
                                                              94.964        
CLOCK_MANAGEMENT_INSTANTATION/RESET_SYNCHRONIZER_INSTANTATION_1/rstb_out_reg/C
                               CAC/UART_INSTANTATION/CIRCULAR_BUFFER_UART_TX_INSTANTATION/buffer_reg[0][2]/CLR
                                                              94.964        
CLOCK_MANAGEMENT_INSTANTATION/RESET_SYNCHRONIZER_INSTANTATION_1/rstb_out_reg/C
                               CAC/UART_INSTANTATION/CIRCULAR_BUFFER_UART_TX_INSTANTATION/buffer_reg[0][6]/CLR
                                                              94.964        
CLOCK_MANAGEMENT_INSTANTATION/RESET_SYNCHRONIZER_INSTANTATION_1/rstb_out_reg/C
                               CAC/UART_INSTANTATION/CIRCULAR_BUFFER_UART_TX_INSTANTATION/buffer_reg[15][1]/CLR
                                                              94.974        
CLOCK_MANAGEMENT_INSTANTATION/RESET_SYNCHRONIZER_INSTANTATION_1/rstb_out_reg/C
                               CAC/UART_INSTANTATION/CIRCULAR_BUFFER_UART_TX_INSTANTATION/buffer_reg[15][3]/CLR
                                                              94.974        
CLOCK_MANAGEMENT_INSTANTATION/RESET_SYNCHRONIZER_INSTANTATION_1/rstb_out_reg/C
                               CAC/UART_INSTANTATION/CIRCULAR_BUFFER_UART_TX_INSTANTATION/buffer_reg[15][4]/CLR
                                                              94.974        
CLOCK_MANAGEMENT_INSTANTATION/RESET_SYNCHRONIZER_INSTANTATION_1/rstb_out_reg/C
                               CAC/UART_INSTANTATION/CIRCULAR_BUFFER_UART_TX_INSTANTATION/buffer_reg[15][5]/CLR
                                                              94.974        
CLOCK_MANAGEMENT_INSTANTATION/RESET_SYNCHRONIZER_INSTANTATION_1/rstb_out_reg/C
                               CAC/UART_INSTANTATION/CIRCULAR_BUFFER_UART_TX_INSTANTATION/buffer_reg[15][7]/CLR
                                                              94.974        
CLOCK_MANAGEMENT_INSTANTATION/RESET_SYNCHRONIZER_INSTANTATION_1/rstb_out_reg/C
                               CAC/UART_INSTANTATION/CIRCULAR_BUFFER_UART_RX_INSTANTATION/wr_ptr_reg[2]/CLR
                                                              94.976        
CLOCK_MANAGEMENT_INSTANTATION/RESET_SYNCHRONIZER_INSTANTATION_1/rstb_out_reg/C
                               CAC/UART_INSTANTATION/CIRCULAR_BUFFER_UART_RX_INSTANTATION/wr_ptr_reg[3]/CLR
                                                              94.976        
CLOCK_MANAGEMENT_INSTANTATION/RESET_SYNCHRONIZER_INSTANTATION_1/rstb_out_reg/C
                               CAC/UART_INSTANTATION/CIRCULAR_BUFFER_UART_TX_INSTANTATION/buffer_reg[6][1]/CLR
                                                              94.979        
CLOCK_MANAGEMENT_INSTANTATION/RESET_SYNCHRONIZER_INSTANTATION_1/rstb_out_reg/C
                               CAC/UART_INSTANTATION/CIRCULAR_BUFFER_UART_TX_INSTANTATION/buffer_reg[6][3]/CLR
                                                              94.979        
CLOCK_MANAGEMENT_INSTANTATION/RESET_SYNCHRONIZER_INSTANTATION_1/rstb_out_reg/C
                               CAC/UART_INSTANTATION/CIRCULAR_BUFFER_UART_TX_INSTANTATION/buffer_reg[6][4]/CLR
                                                              94.979        
CLOCK_MANAGEMENT_INSTANTATION/RESET_SYNCHRONIZER_INSTANTATION_1/rstb_out_reg/C
                               CAC/UART_INSTANTATION/CIRCULAR_BUFFER_UART_TX_INSTANTATION/buffer_reg[6][5]/CLR
                                                              94.979        
CLOCK_MANAGEMENT_INSTANTATION/RESET_SYNCHRONIZER_INSTANTATION_1/rstb_out_reg/C
                               CAC/UART_INSTANTATION/CIRCULAR_BUFFER_UART_TX_INSTANTATION/buffer_reg[6][7]/CLR
                                                              94.979        
CAC/UART_INSTANTATION/CIRCULAR_BUFFER_UART_RX_INSTANTATION/num_elem_reg[2]/C
                               CAC/UART_INSTANTATION/CIRCULAR_BUFFER_UART_RX_INSTANTATION/buffer_reg[10][3]/CE
                                                              94.984        
CAC/UART_INSTANTATION/CIRCULAR_BUFFER_UART_RX_INSTANTATION/num_elem_reg[2]/C
                               CAC/UART_INSTANTATION/CIRCULAR_BUFFER_UART_RX_INSTANTATION/buffer_reg[10][5]/CE
                                                              94.984        
CLOCK_MANAGEMENT_INSTANTATION/RESET_SYNCHRONIZER_INSTANTATION_1/rstb_out_reg/C
                               CAC/UART_INSTANTATION/CIRCULAR_BUFFER_UART_TX_INSTANTATION/buffer_reg[1][2]/CLR
                                                              94.989        
CLOCK_MANAGEMENT_INSTANTATION/RESET_SYNCHRONIZER_INSTANTATION_1/rstb_out_reg/C
                               CAC/UART_INSTANTATION/CIRCULAR_BUFFER_UART_TX_INSTANTATION/buffer_reg[15][6]/CLR
                                                              94.990        
CLOCK_MANAGEMENT_INSTANTATION/RESET_SYNCHRONIZER_INSTANTATION_1/rstb_out_reg/C
                               CAC/UART_INSTANTATION/CIRCULAR_BUFFER_UART_TX_INSTANTATION/buffer_reg[14][2]/CLR
                                                              94.993        
CLOCK_MANAGEMENT_INSTANTATION/RESET_SYNCHRONIZER_INSTANTATION_1/rstb_out_reg/C
                               CAC/UART_INSTANTATION/CIRCULAR_BUFFER_UART_TX_INSTANTATION/buffer_reg[3][0]/CLR
                                                              94.994        
CLOCK_MANAGEMENT_INSTANTATION/RESET_SYNCHRONIZER_INSTANTATION_1/rstb_out_reg/C
                               CAC/UART_INSTANTATION/CIRCULAR_BUFFER_UART_TX_INSTANTATION/buffer_reg[3][2]/CLR
                                                              94.994        
CLOCK_MANAGEMENT_INSTANTATION/RESET_SYNCHRONIZER_INSTANTATION_1/rstb_out_reg/C
                               CAC/UART_INSTANTATION/CIRCULAR_BUFFER_UART_TX_INSTANTATION/buffer_reg[3][6]/CLR
                                                              94.994        
CAC/UART_INSTANTATION/CIRCULAR_BUFFER_UART_RX_INSTANTATION/num_elem_reg[2]/C
                               CAC/UART_INSTANTATION/CIRCULAR_BUFFER_UART_RX_INSTANTATION/buffer_reg[15][0]/CE
                                                              94.998        
CAC/UART_INSTANTATION/CIRCULAR_BUFFER_UART_RX_INSTANTATION/num_elem_reg[2]/C
                               CAC/UART_INSTANTATION/CIRCULAR_BUFFER_UART_RX_INSTANTATION/buffer_reg[15][6]/CE
                                                              94.998        
CAC/UART_COMMAND_HANDLER_INSTANTATION/settings_addr_reg[4]/C
                               CAC/SYSTEM_SETTINGS/REGMEM_INSTANTATION/ram_memory_reg[3][12]/CE
                                                              95.000        
CAC/UART_COMMAND_HANDLER_INSTANTATION/settings_addr_reg[4]/C
                               CAC/SYSTEM_SETTINGS/REGMEM_INSTANTATION/ram_memory_reg[3][4]/CE
                                                              95.000        
CAC/UART_COMMAND_HANDLER_INSTANTATION/settings_addr_reg[4]/C
                               CAC/SYSTEM_SETTINGS/REGMEM_INSTANTATION/ram_memory_reg[3][7]/CE
                                                              95.000        
CAC/UART_COMMAND_HANDLER_INSTANTATION/settings_addr_reg[4]/C
                               CAC/SYSTEM_SETTINGS/REGMEM_INSTANTATION/ram_memory_reg[3][8]/CE
                                                              95.000        
CAC/UART_COMMAND_HANDLER_INSTANTATION/settings_addr_reg[4]/C
                               CAC/SYSTEM_SETTINGS/REGMEM_INSTANTATION/ram_memory_reg[3][9]/CE
                                                              95.000        
CAC/UART_COMMAND_HANDLER_INSTANTATION/settings_addr_reg[2]/C
                               CAC/SYSTEM_SETTINGS/REGMEM_INSTANTATION/ram_memory_reg[1][0]/CE
                                                              95.005        
CAC/UART_COMMAND_HANDLER_INSTANTATION/settings_addr_reg[2]/C
                               CAC/SYSTEM_SETTINGS/REGMEM_INSTANTATION/ram_memory_reg[1][14]/CE
                                                              95.005        
CAC/UART_COMMAND_HANDLER_INSTANTATION/settings_addr_reg[2]/C
                               CAC/SYSTEM_SETTINGS/REGMEM_INSTANTATION/ram_memory_reg[1][1]/CE
                                                              95.005        
CAC/UART_COMMAND_HANDLER_INSTANTATION/settings_addr_reg[2]/C
                               CAC/SYSTEM_SETTINGS/REGMEM_INSTANTATION/ram_memory_reg[1][6]/CE
                                                              95.005        
CLOCK_MANAGEMENT_INSTANTATION/RESET_SYNCHRONIZER_INSTANTATION_1/rstb_out_reg/C
                               CAC/UART_INSTANTATION/CIRCULAR_BUFFER_UART_TX_INSTANTATION/buffer_reg[7][0]/CLR
                                                              95.013        
CLOCK_MANAGEMENT_INSTANTATION/RESET_SYNCHRONIZER_INSTANTATION_1/rstb_out_reg/C
                               CAC/UART_INSTANTATION/CIRCULAR_BUFFER_UART_TX_INSTANTATION/buffer_reg[7][6]/CLR
                                                              95.013        
CAC/UART_INSTANTATION/CIRCULAR_BUFFER_UART_RX_INSTANTATION/num_elem_reg[2]/C
                               CAC/UART_INSTANTATION/CIRCULAR_BUFFER_UART_RX_INSTANTATION/buffer_reg[14][3]/CE
                                                              95.017        
CAC/UART_INSTANTATION/CIRCULAR_BUFFER_UART_RX_INSTANTATION/num_elem_reg[2]/C
                               CAC/UART_INSTANTATION/CIRCULAR_BUFFER_UART_RX_INSTANTATION/buffer_reg[14][4]/CE
                                                              95.017        
CAC/UART_INSTANTATION/CIRCULAR_BUFFER_UART_RX_INSTANTATION/num_elem_reg[2]/C
                               CAC/UART_INSTANTATION/CIRCULAR_BUFFER_UART_RX_INSTANTATION/buffer_reg[14][7]/CE
                                                              95.017        
CLOCK_MANAGEMENT_INSTANTATION/RESET_SYNCHRONIZER_INSTANTATION_1/rstb_out_reg/C
                               CAC/UART_INSTANTATION/CIRCULAR_BUFFER_UART_TX_INSTANTATION/buffer_reg[1][6]/CLR
                                                              95.017        
CAC/UART_INSTANTATION/CIRCULAR_BUFFER_UART_RX_INSTANTATION/num_elem_reg[2]/C
                               CAC/UART_INSTANTATION/CIRCULAR_BUFFER_UART_RX_INSTANTATION/buffer_reg[15][3]/CE
                                                              95.018        
CAC/UART_INSTANTATION/CIRCULAR_BUFFER_UART_RX_INSTANTATION/num_elem_reg[2]/C
                               CAC/UART_INSTANTATION/CIRCULAR_BUFFER_UART_RX_INSTANTATION/buffer_reg[15][4]/CE
                                                              95.018        
CAC/UART_INSTANTATION/CIRCULAR_BUFFER_UART_RX_INSTANTATION/num_elem_reg[2]/C
                               CAC/UART_INSTANTATION/CIRCULAR_BUFFER_UART_RX_INSTANTATION/buffer_reg[15][7]/CE
                                                              95.018        
CLOCK_MANAGEMENT_INSTANTATION/RESET_SYNCHRONIZER_INSTANTATION_1/rstb_out_reg/C
                               CAC/UART_INSTANTATION/CIRCULAR_BUFFER_UART_RX_INSTANTATION/wr_ptr_reg[1]/CLR
                                                              95.020        
CLOCK_MANAGEMENT_INSTANTATION/RESET_SYNCHRONIZER_INSTANTATION_1/rstb_out_reg/C
                               CAC/UART_INSTANTATION/CIRCULAR_BUFFER_UART_TX_INSTANTATION/buffer_reg[6][0]/CLR
                                                              95.050        
CLOCK_MANAGEMENT_INSTANTATION/RESET_SYNCHRONIZER_INSTANTATION_1/rstb_out_reg/C
                               CAC/UART_INSTANTATION/CIRCULAR_BUFFER_UART_TX_INSTANTATION/buffer_reg[6][2]/CLR
                                                              95.050        
CLOCK_MANAGEMENT_INSTANTATION/RESET_SYNCHRONIZER_INSTANTATION_1/rstb_out_reg/C
                               CAC/UART_INSTANTATION/CIRCULAR_BUFFER_UART_TX_INSTANTATION/buffer_reg[6][6]/CLR
                                                              95.050        
CLOCK_MANAGEMENT_INSTANTATION/RESET_SYNCHRONIZER_INSTANTATION_1/rstb_out_reg/C
                               CAC/UART_INSTANTATION/CIRCULAR_BUFFER_UART_RX_INSTANTATION/wr_ptr_reg[0]/CLR
                                                              95.062        
CLOCK_MANAGEMENT_INSTANTATION/RESET_SYNCHRONIZER_INSTANTATION_1/rstb_out_reg/C
                               CAC/UART_INSTANTATION/CIRCULAR_BUFFER_UART_TX_INSTANTATION/data_out_reg[0]/CLR
                                                              95.115        
CLOCK_MANAGEMENT_INSTANTATION/RESET_SYNCHRONIZER_INSTANTATION_1/rstb_out_reg/C
                               CAC/UART_INSTANTATION/CIRCULAR_BUFFER_UART_TX_INSTANTATION/buffer_reg[2][0]/CLR
                                                              95.135        
CLOCK_MANAGEMENT_INSTANTATION/RESET_SYNCHRONIZER_INSTANTATION_1/rstb_out_reg/C
                               CAC/UART_INSTANTATION/CIRCULAR_BUFFER_UART_TX_INSTANTATION/buffer_reg[2][2]/CLR
                                                              95.135        
CLOCK_MANAGEMENT_INSTANTATION/RESET_SYNCHRONIZER_INSTANTATION_1/rstb_out_reg/C
                               CAC/UART_INSTANTATION/CIRCULAR_BUFFER_UART_TX_INSTANTATION/buffer_reg[2][6]/CLR
                                                              95.135        
CLOCK_MANAGEMENT_INSTANTATION/RESET_SYNCHRONIZER_INSTANTATION_1/rstb_out_reg/C
                               CAC/UART_INSTANTATION/CIRCULAR_BUFFER_UART_TX_INSTANTATION/buffer_reg[4][0]/CLR
                                                              95.139        
CLOCK_MANAGEMENT_INSTANTATION/RESET_SYNCHRONIZER_INSTANTATION_1/rstb_out_reg/C
                               CAC/UART_INSTANTATION/CIRCULAR_BUFFER_UART_TX_INSTANTATION/buffer_reg[4][2]/CLR
                                                              95.139        
CLOCK_MANAGEMENT_INSTANTATION/RESET_SYNCHRONIZER_INSTANTATION_1/rstb_out_reg/C
                               CAC/UART_INSTANTATION/CIRCULAR_BUFFER_UART_TX_INSTANTATION/buffer_reg[4][6]/CLR
                                                              95.139        
CLOCK_MANAGEMENT_INSTANTATION/RESET_SYNCHRONIZER_INSTANTATION_1/rstb_out_reg/C
                               CAC/UART_INSTANTATION/CIRCULAR_BUFFER_UART_TX_INSTANTATION/buffer_reg[8][0]/CLR
                                                              95.154        
CLOCK_MANAGEMENT_INSTANTATION/RESET_SYNCHRONIZER_INSTANTATION_1/rstb_out_reg/C
                               CAC/UART_INSTANTATION/CIRCULAR_BUFFER_UART_TX_INSTANTATION/buffer_reg[8][2]/CLR
                                                              95.154        
CLOCK_MANAGEMENT_INSTANTATION/RESET_SYNCHRONIZER_INSTANTATION_1/rstb_out_reg/C
                               CAC/UART_INSTANTATION/CIRCULAR_BUFFER_UART_TX_INSTANTATION/buffer_reg[8][6]/CLR
                                                              95.154        
CLOCK_MANAGEMENT_INSTANTATION/RESET_SYNCHRONIZER_INSTANTATION_1/rstb_out_reg/C
                               CAC/UART_INSTANTATION/CIRCULAR_BUFFER_UART_TX_INSTANTATION/rd_ptr_reg[2]/CLR
                                                              95.156        
CLOCK_MANAGEMENT_INSTANTATION/RESET_SYNCHRONIZER_INSTANTATION_1/rstb_out_reg/C
                               CAC/UART_INSTANTATION/CIRCULAR_BUFFER_UART_TX_INSTANTATION/rd_ptr_reg[3]/CLR
                                                              95.156        
CLOCK_MANAGEMENT_INSTANTATION/RESET_SYNCHRONIZER_INSTANTATION_1/rstb_out_reg/C
                               CAC/UART_INSTANTATION/UART_TX_INSTANTATION/count_reg[1]/CLR
                                                              95.157        
CLOCK_MANAGEMENT_INSTANTATION/RESET_SYNCHRONIZER_INSTANTATION_1/rstb_out_reg/C
                               CAC/UART_INSTANTATION/UART_TX_INSTANTATION/count_reg[2]/CLR
                                                              95.157        
CLOCK_MANAGEMENT_INSTANTATION/RESET_SYNCHRONIZER_INSTANTATION_1/rstb_out_reg/C
                               CAC/UART_INSTANTATION/UART_TX_INSTANTATION/count_reg[3]/CLR
                                                              95.157        
CLOCK_MANAGEMENT_INSTANTATION/RESET_SYNCHRONIZER_INSTANTATION_1/rstb_out_reg/C
                               CAC/UART_INSTANTATION/UART_TX_INSTANTATION/count_reg[4]/CLR
                                                              95.157        
CLOCK_MANAGEMENT_INSTANTATION/RESET_SYNCHRONIZER_INSTANTATION_1/rstb_out_reg/C
                               CAC/UART_INSTANTATION/CIRCULAR_BUFFER_UART_TX_INSTANTATION/buffer_reg[9][0]/CLR
                                                              95.159        
CLOCK_MANAGEMENT_INSTANTATION/RESET_SYNCHRONIZER_INSTANTATION_1/rstb_out_reg/C
                               CAC/UART_INSTANTATION/CIRCULAR_BUFFER_UART_TX_INSTANTATION/buffer_reg[9][2]/CLR
                                                              95.159        
CLOCK_MANAGEMENT_INSTANTATION/RESET_SYNCHRONIZER_INSTANTATION_1/rstb_out_reg/C
                               CAC/UART_INSTANTATION/CIRCULAR_BUFFER_UART_TX_INSTANTATION/buffer_reg[9][6]/CLR
                                                              95.159        
CLOCK_MANAGEMENT_INSTANTATION/RESET_SYNCHRONIZER_INSTANTATION_1/rstb_out_reg/C
                               CAC/UART_INSTANTATION/CIRCULAR_BUFFER_UART_TX_INSTANTATION/data_out_reg[6]/CLR
                                                              95.201        
CLOCK_MANAGEMENT_INSTANTATION/RESET_SYNCHRONIZER_INSTANTATION_1/rstb_out_reg/C
                               CAC/UART_INSTANTATION/CIRCULAR_BUFFER_UART_TX_INSTANTATION/buffer_reg[15][0]/CLR
                                                              95.242        
CLOCK_MANAGEMENT_INSTANTATION/RESET_SYNCHRONIZER_INSTANTATION_1/rstb_out_reg/C
                               CAC/UART_INSTANTATION/CIRCULAR_BUFFER_UART_TX_INSTANTATION/buffer_reg[15][2]/CLR
                                                              95.242        
CLOCK_MANAGEMENT_INSTANTATION/RESET_SYNCHRONIZER_INSTANTATION_1/rstb_out_reg/C
                               CAC/UART_INSTANTATION/UART_TX_INSTANTATION/count_reg[0]/CLR
                                                              95.243        
CLOCK_MANAGEMENT_INSTANTATION/RESET_SYNCHRONIZER_INSTANTATION_1/rstb_out_reg/C
                               CAC/UART_INSTANTATION/UART_TX_INSTANTATION/count_reg[5]/CLR
                                                              95.243        
CLOCK_MANAGEMENT_INSTANTATION/RESET_SYNCHRONIZER_INSTANTATION_1/rstb_out_reg/C
                               CAC/UART_INSTANTATION/UART_TX_INSTANTATION/count_reg[6]/CLR
                                                              95.243        
CLOCK_MANAGEMENT_INSTANTATION/RESET_SYNCHRONIZER_INSTANTATION_1/rstb_out_reg/C
                               CAC/UART_INSTANTATION/CIRCULAR_BUFFER_UART_TX_INSTANTATION/buffer_reg[11][0]/CLR
                                                              95.276        
CLOCK_MANAGEMENT_INSTANTATION/RESET_SYNCHRONIZER_INSTANTATION_1/rstb_out_reg/C
                               CAC/UART_INSTANTATION/CIRCULAR_BUFFER_UART_TX_INSTANTATION/buffer_reg[11][6]/CLR
                                                              95.276        
CLOCK_MANAGEMENT_INSTANTATION/RESET_SYNCHRONIZER_INSTANTATION_1/rstb_out_reg/C
                               CAC/UART_INSTANTATION/CIRCULAR_BUFFER_UART_RX_INSTANTATION/buffer_reg[9][2]/CLR
                                                              95.277        
CLOCK_MANAGEMENT_INSTANTATION/RESET_SYNCHRONIZER_INSTANTATION_1/rstb_out_reg/C
                               CAC/UART_INSTANTATION/CIRCULAR_BUFFER_UART_RX_INSTANTATION/buffer_reg[8][2]/CLR
                                                              95.281        
CLOCK_MANAGEMENT_INSTANTATION/RESET_SYNCHRONIZER_INSTANTATION_1/rstb_out_reg/C
                               CAC/UART_INSTANTATION/CIRCULAR_BUFFER_UART_RX_INSTANTATION/data_out_reg[0]/CLR
                                                              95.286        
CLOCK_MANAGEMENT_INSTANTATION/RESET_SYNCHRONIZER_INSTANTATION_1/rstb_out_reg/C
                               CAC/UART_INSTANTATION/CIRCULAR_BUFFER_UART_RX_INSTANTATION/buffer_reg[12][2]/CLR
                                                              95.290        
CLOCK_MANAGEMENT_INSTANTATION/RESET_SYNCHRONIZER_INSTANTATION_1/rstb_out_reg/C
                               CAC/UART_INSTANTATION/CIRCULAR_BUFFER_UART_RX_INSTANTATION/buffer_reg[15][0]/CLR
                                                              95.290        
CLOCK_MANAGEMENT_INSTANTATION/RESET_SYNCHRONIZER_INSTANTATION_1/rstb_out_reg/C
                               CAC/UART_INSTANTATION/CIRCULAR_BUFFER_UART_RX_INSTANTATION/buffer_reg[15][6]/CLR
                                                              95.290        
CLOCK_MANAGEMENT_INSTANTATION/RESET_SYNCHRONIZER_INSTANTATION_1/rstb_out_reg/C
                               CAC/SYSTEM_SETTINGS/REGMEM_INSTANTATION/ram_memory_reg[0][10]/CLR
                                                              95.299        
CLOCK_MANAGEMENT_INSTANTATION/RESET_SYNCHRONIZER_INSTANTATION_1/rstb_out_reg/C
                               CAC/SYSTEM_SETTINGS/REGMEM_INSTANTATION/ram_memory_reg[0][12]/CLR
                                                              95.299        
CLOCK_MANAGEMENT_INSTANTATION/RESET_SYNCHRONIZER_INSTANTATION_1/rstb_out_reg/C
                               CAC/SYSTEM_SETTINGS/REGMEM_INSTANTATION/ram_memory_reg[0][13]/CLR
                                                              95.299        
CLOCK_MANAGEMENT_INSTANTATION/RESET_SYNCHRONIZER_INSTANTATION_1/rstb_out_reg/C
                               CAC/SYSTEM_SETTINGS/REGMEM_INSTANTATION/ram_memory_reg[0][4]/CLR
                                                              95.299        
CLOCK_MANAGEMENT_INSTANTATION/RESET_SYNCHRONIZER_INSTANTATION_1/rstb_out_reg/C
                               CAC/SYSTEM_SETTINGS/REGMEM_INSTANTATION/ram_memory_reg[0][7]/CLR
                                                              95.299        
CLOCK_MANAGEMENT_INSTANTATION/RESET_SYNCHRONIZER_INSTANTATION_1/rstb_out_reg/C
                               CAC/SYSTEM_SETTINGS/REGMEM_INSTANTATION/ram_memory_reg[0][8]/CLR
                                                              95.299        
CLOCK_MANAGEMENT_INSTANTATION/RESET_SYNCHRONIZER_INSTANTATION_1/rstb_out_reg/C
                               CAC/SYSTEM_SETTINGS/REGMEM_INSTANTATION/ram_memory_reg[0][9]/CLR
                                                              95.299        
CLOCK_MANAGEMENT_INSTANTATION/RESET_SYNCHRONIZER_INSTANTATION_1/rstb_out_reg/C
                               CAC/UART_INSTANTATION/CIRCULAR_BUFFER_UART_TX_INSTANTATION/buffer_reg[5][0]/CLR
                                                              95.301        
CLOCK_MANAGEMENT_INSTANTATION/RESET_SYNCHRONIZER_INSTANTATION_1/rstb_out_reg/C
                               CAC/UART_INSTANTATION/CIRCULAR_BUFFER_UART_TX_INSTANTATION/buffer_reg[5][2]/CLR
                                                              95.301        
CLOCK_MANAGEMENT_INSTANTATION/RESET_SYNCHRONIZER_INSTANTATION_1/rstb_out_reg/C
                               CAC/UART_INSTANTATION/CIRCULAR_BUFFER_UART_TX_INSTANTATION/buffer_reg[5][6]/CLR
                                                              95.301        
CLOCK_MANAGEMENT_INSTANTATION/RESET_SYNCHRONIZER_INSTANTATION_1/rstb_out_reg/C
                               CAC/UART_INSTANTATION/UART_RX_INSTANTATION/count_reg[5]/CLR
                                                              95.303        
CLOCK_MANAGEMENT_INSTANTATION/RESET_SYNCHRONIZER_INSTANTATION_1/rstb_out_reg/C
                               CAC/UART_INSTANTATION/UART_RX_INSTANTATION/count_reg[6]/CLR
                                                              95.303        
CLOCK_MANAGEMENT_INSTANTATION/RESET_SYNCHRONIZER_INSTANTATION_1/rstb_out_reg/C
                               CAC/UART_INSTANTATION/CIRCULAR_BUFFER_UART_RX_INSTANTATION/buffer_reg[14][0]/CLR
                                                              95.303        
CLOCK_MANAGEMENT_INSTANTATION/RESET_SYNCHRONIZER_INSTANTATION_1/rstb_out_reg/C
                               CAC/UART_INSTANTATION/CIRCULAR_BUFFER_UART_RX_INSTANTATION/buffer_reg[14][6]/CLR
                                                              95.303        
CLOCK_MANAGEMENT_INSTANTATION/RESET_SYNCHRONIZER_INSTANTATION_1/rstb_out_reg/C
                               CAC/SYSTEM_SETTINGS/REGMEM_INSTANTATION/ram_memory_reg[8][10]/CLR
                                                              95.303        
CLOCK_MANAGEMENT_INSTANTATION/RESET_SYNCHRONIZER_INSTANTATION_1/rstb_out_reg/C
                               CAC/SYSTEM_SETTINGS/REGMEM_INSTANTATION/ram_memory_reg[8][8]/CLR
                                                              95.303        
CLOCK_MANAGEMENT_INSTANTATION/RESET_SYNCHRONIZER_INSTANTATION_1/rstb_out_reg/C
                               CAC/UART_INSTANTATION/CIRCULAR_BUFFER_UART_TX_INSTANTATION/data_out_reg[2]/CLR
                                                              95.306        
CLOCK_MANAGEMENT_INSTANTATION/RESET_SYNCHRONIZER_INSTANTATION_1/rstb_out_reg/C
                               CAC/UART_INSTANTATION/UART_RX_INSTANTATION/count_reg[2]/CLR
                                                              95.307        



